Java HotSpot(TM) 64-Bit Server VM (25.121-b13) for bsd-amd64 JRE (1.8.0_121-b13), built on Dec 12 2016 20:39:32 by "java_re" with gcc 4.2.1 (Based on Apple Inc. build 5658) (LLVM build 2336.11.00)
Memory: 4k page, physical 16777216k(1156216k free)

/proc/meminfo:

CommandLine flags: -XX:-BytecodeVerificationLocal -XX:-BytecodeVerificationRemote -XX:+HeapDumpOnOutOfMemoryError -XX:HeapDumpPath=/Users/carl.yu/java_error_in_idea.hprof -XX:InitialHeapSize=1073741824 -XX:MaxHeapSize=1073741824 -XX:-OmitStackTraceInFastThrow -XX:+PrintGC -XX:-PrintGCDetails -XX:+PrintGCTimeStamps -XX:+UseCompressedClassPointers -XX:+UseCompressedOops -XX:+UseG1GC 
0.440: [GC pause (G1 Humongous Allocation) (young) (initial-mark) 370M->368M(1024M), 0.0022980 secs]
0.442: [GC concurrent-root-region-scan-start]
0.443: [GC concurrent-root-region-scan-end, 0.0008328 secs]
0.443: [GC concurrent-mark-start]
0.580: [GC concurrent-mark-end, 0.1370391 secs]
0.583: [GC remark, 0.0017626 secs]
0.585: [GC cleanup 489M->489M(1024M), 0.0005756 secs]
0.903: [GC pause (G1 Humongous Allocation) (young) 817M->816M(1024M), 0.0018106 secs]
0.906: [Full GC (Allocation Failure)  816M->48M(1024M), 0.0577817 secs]
1.160: [GC pause (G1 Humongous Allocation) (young) (initial-mark) 368M->368M(1024M), 0.0014211 secs]
1.162: [GC concurrent-root-region-scan-start]
1.162: [GC concurrent-root-region-scan-end, 0.0000030 secs]
1.162: [GC concurrent-mark-start]
1.250: [GC concurrent-mark-end, 0.0880621 secs]
1.250: [GC remark, 0.0015059 secs]
1.251: [GC cleanup 564M->564M(1024M), 0.0005957 secs]
1.352: [GC pause (G1 Humongous Allocation) (young) 812M->812M(1024M), 0.0006517 secs]
1.353: [Full GC (Allocation Failure)  812M->428M(1024M), 0.3507240 secs]
1.705: [GC pause (G1 Humongous Allocation) (young) (initial-mark) 432M->432M(1024M), 0.0017034 secs]
1.707: [GC concurrent-root-region-scan-start]
1.707: [GC concurrent-root-region-scan-end, 0.0000534 secs]
1.707: [GC concurrent-mark-start]
1.812: [GC concurrent-mark-end, 0.1047744 secs]
1.812: [GC remark, 0.0016144 secs]
1.814: [GC cleanup 696M->696M(1024M), 0.0004822 secs]
1.865: [GC pause (G1 Humongous Allocation) (young) 812M->812M(1024M), 0.0011883 secs]
1.866: [Full GC (Allocation Failure)  812M->428M(1024M), 0.3580367 secs]
2.226: [GC pause (G1 Humongous Allocation) (young) (initial-mark) 432M->432M(1024M), 0.0008590 secs]
2.227: [GC concurrent-root-region-scan-start]
2.227: [GC concurrent-root-region-scan-end, 0.0000031 secs]
2.227: [GC concurrent-mark-start]
2.328: [GC concurrent-mark-end, 0.1012794 secs]
2.328: [GC remark, 0.0019625 secs]
2.330: [GC cleanup 684M->684M(1024M), 0.0005224 secs]
2.385: [GC pause (G1 Humongous Allocation) (young) 812M->812M(1024M), 0.0012282 secs]
2.386: [Full GC (Allocation Failure)  812M->428M(1024M), 0.3578048 secs]
2.746: [GC pause (G1 Humongous Allocation) (young) (initial-mark) 432M->432M(1024M), 0.0008444 secs]
2.747: [GC concurrent-root-region-scan-start]
2.747: [GC concurrent-root-region-scan-end, 0.0000049 secs]
2.747: [GC concurrent-mark-start]
2.849: [GC concurrent-mark-end, 0.1021657 secs]
2.849: [GC remark, 0.0016060 secs]
2.851: [GC cleanup 688M->688M(1024M), 0.0006058 secs]
2.909: [GC pause (G1 Humongous Allocation) (young) 812M->812M(1024M), 0.0012390 secs]
2.910: [Full GC (Allocation Failure)  812M->428M(1024M), 0.3612422 secs]
3.273: [GC pause (G1 Humongous Allocation) (young) (initial-mark) 432M->432M(1024M), 0.0019189 secs]
3.275: [GC concurrent-root-region-scan-start]
3.275: [GC concurrent-root-region-scan-end, 0.0000030 secs]
3.275: [GC concurrent-mark-start]
3.374: [GC concurrent-mark-end, 0.0991441 secs]
3.374: [GC remark, 0.0017113 secs]
3.376: [GC cleanup 684M->684M(1024M), 0.0005586 secs]
3.434: [GC pause (G1 Humongous Allocation) (young) 812M->812M(1024M), 0.0024444 secs]
3.437: [Full GC (Allocation Failure)  812M->428M(1024M), 0.3617167 secs]
3.801: [GC pause (G1 Humongous Allocation) (young) (initial-mark) 432M->432M(1024M), 0.0008340 secs]
3.802: [GC concurrent-root-region-scan-start]
3.802: [GC concurrent-root-region-scan-end, 0.0000411 secs]
3.802: [GC concurrent-mark-start]
3.902: [GC concurrent-mark-end, 0.1008083 secs]
3.903: [GC remark, 0.0018367 secs]
3.905: [GC cleanup 684M->684M(1024M), 0.0004987 secs]
3.963: [GC pause (G1 Humongous Allocation) (young) 812M->812M(1024M), 0.0010420 secs]
3.964: [Full GC (Allocation Failure)  812M->428M(1024M), 0.3606663 secs]
4.327: [GC pause (G1 Humongous Allocation) (young) (initial-mark) 432M->432M(1024M), 0.0008266 secs]
4.328: [GC concurrent-root-region-scan-start]
4.328: [GC concurrent-root-region-scan-end, 0.0000064 secs]
4.328: [GC concurrent-mark-start]
4.424: [GC concurrent-mark-end, 0.0959511 secs]
4.424: [GC remark, 0.0016440 secs]
4.426: [GC cleanup 680M->680M(1024M), 0.0005379 secs]
4.487: [GC pause (G1 Humongous Allocation) (young) 812M->812M(1024M), 0.0021414 secs]
4.489: [Full GC (Allocation Failure)  812M->428M(1024M), 0.3628518 secs]
4.854: [GC pause (G1 Humongous Allocation) (young) (initial-mark) 432M->432M(1024M), 0.0019923 secs]
4.856: [GC concurrent-root-region-scan-start]
4.856: [GC concurrent-root-region-scan-end, 0.0000053 secs]
4.856: [GC concurrent-mark-start]
4.967: [GC concurrent-mark-end, 0.1109414 secs]
4.967: [GC remark, 0.0025918 secs]
4.970: [GC cleanup 708M->708M(1024M), 0.0005588 secs]
5.017: [GC pause (G1 Humongous Allocation) (young) 812M->812M(1024M), 0.0019104 secs]
5.019: [Full GC (Allocation Failure)  812M->428M(1024M), 0.3644661 secs]
5.386: [GC pause (G1 Humongous Allocation) (young) (initial-mark) 432M->432M(1024M), 0.0017113 secs]
5.388: [GC concurrent-root-region-scan-start]
5.388: [GC concurrent-root-region-scan-end, 0.0000049 secs]
5.388: [GC concurrent-mark-start]
5.492: [GC concurrent-mark-end, 0.1041010 secs]
5.492: [GC remark, 0.0019773 secs]
5.494: [GC cleanup 692M->692M(1024M), 0.0006160 secs]
5.548: [GC pause (G1 Humongous Allocation) (young) 812M->812M(1024M), 0.0025358 secs]
5.551: [Full GC (Allocation Failure)  812M->428M(1024M), 0.3540256 secs]
